// Jest Snapshot v1, https://goo.gl/fbAQLP

exports[`BUTTON COMPONENT checking snapshot 1`] = `
<button
  className="btn btn-info"
  onClick={[Function]}
  style={Object {}}
  type="button"
>
  <span>
    test
  </span>
</button>
`;
